2025-09-10 21:30:36 | 📂 캐싱용 데이터 로드 중...
2025-09-10 21:30:36 | 🎮 CUDA 디바이스: NVIDIA GeForce RTX 3080 Ti Laptop GPU
2025-09-10 21:30:36 | 📊 데이터 로드 완료: 1570개 샘플
2025-09-10 21:30:36 | ✂️ 데이터 분할 완료: train=1256, val=314
2025-09-10 21:30:36 | 🔍 Optuna 하이퍼파라미터 튜닝 초기화 완료
2025-09-10 21:30:36 | 📋 Base config: configs/train_highperf.yaml
2025-09-10 21:30:36 | 🎯 Target trials: 20
2025-09-10 21:30:36 | 💾 데이터셋 캐싱 완료 - trial 속도 향상
2025-09-10 21:30:36 | 🚀 Optuna 최적화 시작...
2025-09-10 21:30:36 | 🔬 Trial 0: {'lr': 0.0001168962989993696, 'batch_size': 128, 'weight_decay': 0.05417972543974066, 'dropout': 0.15903034286853607}
2025-09-10 21:30:36 | 📁 Fold 1/2 시작...
2025-09-10 21:30:38 | ✅ Fold 1/2 완료: F1 0.9046
2025-09-10 21:30:38 | 📁 Fold 2/2 시작...
2025-09-10 21:30:40 | ✅ Fold 2/2 완료: F1 0.9089
2025-09-10 21:30:40 | ✅ Trial 0 완료: F1 0.9067 (fold scores: [0.9045866817900307, 0.9089119234669043])
2025-09-10 21:30:40 | 🔬 Trial 1: {'lr': 0.00011448857528779905, 'batch_size': 32, 'weight_decay': 0.0902353734227535, 'dropout': 0.1366303052692301}
2025-09-10 21:30:40 | 📁 Fold 1/2 시작...
2025-09-10 21:30:42 | ✅ Fold 1/2 완료: F1 0.9374
2025-09-10 21:30:42 | 📁 Fold 2/2 시작...
2025-09-10 21:30:44 | ✅ Fold 2/2 완료: F1 0.9354
2025-09-10 21:30:44 | ✅ Trial 1 완료: F1 0.9364 (fold scores: [0.9373719649874432, 0.9353967019664301])
2025-09-10 21:30:44 | 🔬 Trial 2: {'lr': 0.00712315410395631, 'batch_size': 32, 'weight_decay': 0.05650700597320222, 'dropout': 0.19160483525053706}
2025-09-10 21:30:44 | 📁 Fold 1/2 시작...
2025-09-10 21:30:46 | ✅ Fold 1/2 완료: F1 0.9367
2025-09-10 21:30:46 | 📁 Fold 2/2 시작...
2025-09-10 21:30:48 | ✅ Fold 2/2 완료: F1 0.9450
2025-09-10 21:30:48 | ✅ Trial 2 완료: F1 0.9409 (fold scores: [0.9367228729334004, 0.9450463271200624])
2025-09-10 21:30:48 | 🔬 Trial 3: {'lr': 1.7512868545630953e-05, 'batch_size': 16, 'weight_decay': 0.053692798607568995, 'dropout': 0.01708295235162476}
2025-09-10 21:30:48 | 📁 Fold 1/2 시작...
2025-09-10 21:30:50 | ✅ Fold 1/2 완료: F1 0.9485
2025-09-10 21:30:50 | 📁 Fold 2/2 시작...
2025-09-10 21:30:52 | ✅ Fold 2/2 완료: F1 0.9482
2025-09-10 21:30:52 | ✅ Trial 3 완료: F1 0.9483 (fold scores: [0.9484539016255277, 0.9482450657588215])
2025-09-10 21:30:52 | 🔬 Trial 4: {'lr': 0.0002395828749429722, 'batch_size': 64, 'weight_decay': 0.04912240949376581, 'dropout': 0.20839591906658123}
2025-09-10 21:30:52 | 📁 Fold 1/2 시작...
2025-09-10 21:30:54 | ✅ Fold 1/2 완료: F1 0.9324
2025-09-10 21:30:54 | 📁 Fold 2/2 시작...
2025-09-10 21:30:56 | ✅ Fold 2/2 완료: F1 0.9278
2025-09-10 21:30:56 | ✅ Trial 4 완료: F1 0.9301 (fold scores: [0.9324448666792036, 0.9277918312849839])
2025-09-10 21:30:56 | 🔬 Trial 5: {'lr': 0.000748014654973146, 'batch_size': 32, 'weight_decay': 0.03078228445115159, 'dropout': 0.1326735684537294}
2025-09-10 21:30:56 | 📁 Fold 1/2 시작...
2025-09-10 21:30:58 | ✅ Fold 1/2 완료: F1 0.9358
2025-09-10 21:30:58 | 📁 Fold 2/2 시작...
2025-09-10 21:31:00 | ✅ Fold 2/2 완료: F1 0.9499
2025-09-10 21:31:00 | ✅ Trial 5 완료: F1 0.9428 (fold scores: [0.9357793286259034, 0.9498631274880239])
2025-09-10 21:31:00 | 🔬 Trial 6: {'lr': 0.009618100941729421, 'batch_size': 64, 'weight_decay': 0.010594463337247418, 'dropout': 0.22480064590568313}
2025-09-10 21:31:00 | 📁 Fold 1/2 시작...
2025-09-10 21:31:02 | ✅ Fold 1/2 완료: F1 0.9386
2025-09-10 21:31:02 | 📁 Fold 2/2 시작...
2025-09-10 21:31:04 | ✅ Fold 2/2 완료: F1 0.9338
2025-09-10 21:31:04 | ✅ Trial 6 완료: F1 0.9362 (fold scores: [0.9385844038597119, 0.933839182865319])
2025-09-10 21:31:04 | 🔬 Trial 7: {'lr': 0.000898844208888975, 'batch_size': 64, 'weight_decay': 0.061007584480820526, 'dropout': 0.273462405136882}
2025-09-10 21:31:04 | 📁 Fold 1/2 시작...
2025-09-10 21:31:06 | ✅ Fold 1/2 완료: F1 0.9378
2025-09-10 21:31:06 | 📁 Fold 2/2 시작...
2025-09-10 21:31:08 | ✅ Fold 2/2 완료: F1 0.9221
2025-09-10 21:31:08 | ✅ Trial 7 완료: F1 0.9299 (fold scores: [0.9377636492748782, 0.9220716465796264])
2025-09-10 21:31:08 | 🔬 Trial 8: {'lr': 0.00021110029726244256, 'batch_size': 16, 'weight_decay': 0.01569647105848423, 'dropout': 0.12842777071161107}
2025-09-10 21:31:08 | 📁 Fold 1/2 시작...
2025-09-10 21:31:10 | ✅ Fold 1/2 완료: F1 0.9448
2025-09-10 21:31:10 | 📁 Fold 2/2 시작...
2025-09-10 21:31:12 | ✅ Fold 2/2 완료: F1 0.9487
2025-09-10 21:31:12 | ✅ Trial 8 완료: F1 0.9467 (fold scores: [0.9448007076967206, 0.948671343611546])
2025-09-10 21:31:12 | 🔬 Trial 9: {'lr': 0.0006634104697683851, 'batch_size': 64, 'weight_decay': 0.004185096081102935, 'dropout': 0.09814309102215697}
2025-09-10 21:31:12 | 📁 Fold 1/2 시작...
2025-09-10 21:31:14 | ✅ Fold 1/2 완료: F1 0.9200
2025-09-10 21:31:14 | 📁 Fold 2/2 시작...
2025-09-10 21:31:16 | ✅ Fold 2/2 완료: F1 0.9329
2025-09-10 21:31:16 | ✅ Trial 9 완료: F1 0.9264 (fold scores: [0.9200245547051414, 0.9328656142319454])
2025-09-10 21:31:16 | 🔬 Trial 10: {'lr': 1.1041298387490556e-05, 'batch_size': 16, 'weight_decay': 0.09123267685509734, 'dropout': 0.0065104595053854936}
2025-09-10 21:31:17 | 📁 Fold 1/2 시작...
2025-09-10 21:31:19 | ✅ Fold 1/2 완료: F1 0.9368
2025-09-10 21:31:19 | 📁 Fold 2/2 시작...
2025-09-10 21:31:21 | ✅ Fold 2/2 완료: F1 0.9417
2025-09-10 21:31:21 | ✅ Trial 10 완료: F1 0.9392 (fold scores: [0.9367651416789243, 0.9416892113189974])
2025-09-10 21:31:21 | 🔬 Trial 11: {'lr': 1.0208796723951107e-05, 'batch_size': 16, 'weight_decay': 0.030516621606243317, 'dropout': 0.025307739263049352}
2025-09-10 21:31:21 | 📁 Fold 1/2 시작...
2025-09-10 21:31:23 | ✅ Fold 1/2 완료: F1 0.9321
2025-09-10 21:31:23 | 📁 Fold 2/2 시작...
2025-09-10 21:31:25 | ✅ Fold 2/2 완료: F1 0.9433
2025-09-10 21:31:25 | ✅ Trial 11 완료: F1 0.9377 (fold scores: [0.9321431730137357, 0.9433212709234438])
2025-09-10 21:31:25 | 🔬 Trial 12: {'lr': 3.8556849810519e-05, 'batch_size': 16, 'weight_decay': 0.029640123243860124, 'dropout': 0.05801386569098883}
2025-09-10 21:31:25 | 📁 Fold 1/2 시작...
2025-09-10 21:31:27 | ✅ Fold 1/2 완료: F1 0.9362
2025-09-10 21:31:27 | 📁 Fold 2/2 시작...
2025-09-10 21:31:29 | ✅ Fold 2/2 완료: F1 0.9420
2025-09-10 21:31:29 | ✅ Trial 12 완료: F1 0.9391 (fold scores: [0.9361999411716301, 0.9420290997181606])
2025-09-10 21:31:29 | 🔬 Trial 13: {'lr': 3.946786753781124e-05, 'batch_size': 16, 'weight_decay': 0.07422774962766154, 'dropout': 0.07576741641671345}
2025-09-10 21:31:29 | 📁 Fold 1/2 시작...
2025-09-10 21:31:31 | ✅ Fold 1/2 완료: F1 0.9463
2025-09-10 21:31:31 | 📁 Fold 2/2 시작...
2025-09-10 21:31:33 | ✅ Fold 2/2 완료: F1 0.9464
2025-09-10 21:31:33 | ✅ Trial 13 완료: F1 0.9464 (fold scores: [0.946288343043812, 0.9464439798019839])
2025-09-10 21:31:33 | 🔬 Trial 14: {'lr': 0.002551179371680029, 'batch_size': 16, 'weight_decay': 0.018636537838784863, 'dropout': 0.03980317552139158}
2025-09-10 21:31:33 | 📁 Fold 1/2 시작...
2025-09-10 21:31:35 | ✅ Fold 1/2 완료: F1 0.9417
2025-09-10 21:31:35 | 📁 Fold 2/2 시작...
2025-09-10 21:31:37 | ✅ Fold 2/2 완료: F1 0.9307
2025-09-10 21:31:37 | ✅ Trial 14 완료: F1 0.9362 (fold scores: [0.941735210985383, 0.9306821062189523])
2025-09-10 21:31:37 | 🔬 Trial 15: {'lr': 3.799229751545028e-05, 'batch_size': 128, 'weight_decay': 0.03687538748325275, 'dropout': 0.09094378995735151}
2025-09-10 21:31:37 | 📁 Fold 1/2 시작...
2025-09-10 21:31:39 | ✅ Fold 1/2 완료: F1 0.9122
2025-09-10 21:31:39 | 📁 Fold 2/2 시작...
2025-09-10 21:31:41 | ✅ Fold 2/2 완료: F1 0.9115
2025-09-10 21:31:41 | ✅ Trial 15 완료: F1 0.9119 (fold scores: [0.912192611865373, 0.9115323653110695])
2025-09-10 21:31:41 | 🔬 Trial 16: {'lr': 0.00010559524780489994, 'batch_size': 16, 'weight_decay': 0.069743988284239, 'dropout': 0.28192836253690035}
2025-09-10 21:31:41 | 📁 Fold 1/2 시작...
2025-09-10 21:31:43 | ✅ Fold 1/2 완료: F1 0.9315
2025-09-10 21:31:43 | 📁 Fold 2/2 시작...
2025-09-10 21:31:45 | ✅ Fold 2/2 완료: F1 0.9409
2025-09-10 21:31:45 | ✅ Trial 16 완료: F1 0.9362 (fold scores: [0.9315269435266571, 0.940928171524679])
2025-09-10 21:31:45 | 🔬 Trial 17: {'lr': 0.0002966132750137198, 'batch_size': 16, 'weight_decay': 0.041730759107861476, 'dropout': 0.11312110300201669}
2025-09-10 21:31:45 | 📁 Fold 1/2 시작...
2025-09-10 21:31:47 | ✅ Fold 1/2 완료: F1 0.9355
2025-09-10 21:31:47 | 📁 Fold 2/2 시작...
2025-09-10 21:31:49 | ✅ Fold 2/2 완료: F1 0.9455
2025-09-10 21:31:49 | ✅ Trial 17 완료: F1 0.9405 (fold scores: [0.9354982523424712, 0.9454983521536023])
2025-09-10 21:31:49 | 🔬 Trial 18: {'lr': 2.028598146433184e-05, 'batch_size': 16, 'weight_decay': 0.019615288268750457, 'dropout': 0.1681655077292458}
2025-09-10 21:31:49 | 📁 Fold 1/2 시작...
2025-09-10 21:31:51 | ✅ Fold 1/2 완료: F1 0.9399
2025-09-10 21:31:51 | 📁 Fold 2/2 시작...
2025-09-10 21:31:53 | ✅ Fold 2/2 완료: F1 0.9410
2025-09-10 21:31:53 | ✅ Trial 18 완료: F1 0.9404 (fold scores: [0.9399235621235161, 0.9409664542153914])
2025-09-10 21:31:53 | 🔬 Trial 19: {'lr': 0.00200856593576947, 'batch_size': 128, 'weight_decay': 0.07715624519273309, 'dropout': 0.0027331122551532885}
2025-09-10 21:31:53 | 📁 Fold 1/2 시작...
2025-09-10 21:31:55 | ✅ Fold 1/2 완료: F1 0.9034
2025-09-10 21:31:55 | 📁 Fold 2/2 시작...
2025-09-10 21:31:57 | ✅ Fold 2/2 완료: F1 0.9088
2025-09-10 21:31:57 | ✅ Trial 19 완료: F1 0.9061 (fold scores: [0.9033610153214505, 0.9087831603372799])
2025-09-10 21:31:57 | ⏱️ 최적화 완료: 80.3초 소요
2025-09-10 21:31:57 | [CLEANUP] Removed existing lastest-optimization folder
2025-09-10 21:31:57 | 💾 최적 설정 저장: experiments/optimization/20250910/20250910_2131_convnext_base_384_fold_1/best_params_20250910_2131.yaml
2025-09-10 21:31:57 | 🔗 Latest 폴더에 직접 저장: experiments/optimization/lastest-optimization/best_params_20250910_2131.yaml
2025-09-10 21:32:02 | [VIZ] Optimization visualizations created in experiments/optimization/20250910/20250910_2131_convnext_base_384_fold_1
2025-09-10 21:32:02 | [VIZ] Latest optimization results: experiments/optimization/lastest-optimization
