2025-09-10 21:32:02 | [BOOT] high-performance training pipeline started
2025-09-10 21:32:02 | [BOOT] device=cuda
2025-09-10 21:32:02 | [DATA] loaded train data | shape=(1570, 2)
2025-09-10 21:32:02 | ==================================================
2025-09-10 21:32:02 | FOLD 1/2 START
2025-09-10 21:32:02 | ==================================================
2025-09-10 21:32:02 | [FOLD 0] train=785 valid=785
2025-09-10 21:32:06 | [SINGLE-MODEL] All folds using model: convnext_base_384_in22ft1k
2025-09-10 21:32:06 | [SCHEDULER] K-Fold: CosineAnnealing(T_max=25)
2025-09-10 21:32:06 | [DATA] build highperf loaders | img_size=384 bs=16
2025-09-10 21:32:06 | [DATA] augmentation: baseline-advanced (normal + hard augmentation)
2025-09-10 21:32:06 | [HighPerfDataset] size=785 img_size=384 epoch=0/25 p_hard=0.200 is_train=True
2025-09-10 21:32:06 | [HighPerfDataset] size=785 img_size=384 epoch=0/25 p_hard=0.000 is_train=False
2025-09-10 21:32:06 | [DATA] dataset sizes | train=785 valid=785
2025-09-10 21:32:06 | [HighPerfDataset] updated epoch=1, p_hard=0.212
2025-09-10 21:32:06 | [EPOCH 1] >>> TRAIN start | steps=50 mixup=True
2025-09-10 21:32:09 | [EPOCH 1][TRAIN step 1/50] loss=2.97693 lr=0.000018 bs=16
2025-09-10 21:32:24 | [EPOCH 1][TRAIN step 50/50] loss=3.87500 lr=0.000018 bs=1
2025-09-10 21:32:24 | [EPOCH 1] <<< TRAIN end | loss=2.60690
2025-09-10 21:32:24 | [EPOCH 1] >>> VALID start | steps=50
2025-09-10 21:32:36 | [EPOCH 1] <<< VALID end | loss=1.92381 macro_f1=0.46743
2025-09-10 21:32:39 | [FOLD 0] NEW BEST F1: 0.46743 (epoch 1)
2025-09-10 21:32:39 | [DATA] build highperf loaders | img_size=384 bs=16
2025-09-10 21:32:39 | [DATA] augmentation: baseline-advanced (normal + hard augmentation)
2025-09-10 21:32:39 | [HighPerfDataset] size=785 img_size=384 epoch=1/25 p_hard=0.212 is_train=True
2025-09-10 21:32:39 | [HighPerfDataset] size=785 img_size=384 epoch=1/25 p_hard=0.000 is_train=False
2025-09-10 21:32:39 | [DATA] dataset sizes | train=785 valid=785
2025-09-10 21:32:39 | [HighPerfDataset] updated epoch=2, p_hard=0.224
2025-09-10 21:32:39 | [EPOCH 2] >>> TRAIN start | steps=50 mixup=True
2025-09-10 21:32:41 | [EPOCH 2][TRAIN step 1/50] loss=2.35304 lr=0.000017 bs=16
2025-09-10 21:32:56 | [EPOCH 2][TRAIN step 50/50] loss=0.76660 lr=0.000017 bs=1
2025-09-10 21:32:56 | [EPOCH 2] <<< TRAIN end | loss=2.01515
2025-09-10 21:32:56 | [EPOCH 2] >>> VALID start | steps=50
2025-09-10 21:33:07 | [EPOCH 2] <<< VALID end | loss=1.24277 macro_f1=0.71132
2025-09-10 21:33:11 | [FOLD 0] NEW BEST F1: 0.71132 (epoch 2)
2025-09-10 21:33:11 | [DATA] build highperf loaders | img_size=384 bs=16
2025-09-10 21:33:11 | [DATA] augmentation: baseline-advanced (normal + hard augmentation)
2025-09-10 21:33:11 | [HighPerfDataset] size=785 img_size=384 epoch=2/25 p_hard=0.224 is_train=True
2025-09-10 21:33:11 | [HighPerfDataset] size=785 img_size=384 epoch=2/25 p_hard=0.000 is_train=False
2025-09-10 21:33:11 | [DATA] dataset sizes | train=785 valid=785
2025-09-10 21:33:11 | [HighPerfDataset] updated epoch=3, p_hard=0.236
2025-09-10 21:33:11 | [EPOCH 3] >>> TRAIN start | steps=50 mixup=True
2025-09-10 21:33:12 | [EPOCH 3][TRAIN step 1/50] loss=1.39791 lr=0.000017 bs=16
2025-09-10 21:33:28 | [EPOCH 3][TRAIN step 50/50] loss=0.12830 lr=0.000017 bs=1
2025-09-10 21:33:28 | [EPOCH 3] <<< TRAIN end | loss=1.53891
2025-09-10 21:33:28 | [EPOCH 3] >>> VALID start | steps=50
2025-09-10 21:33:39 | [EPOCH 3] <<< VALID end | loss=0.82231 macro_f1=0.75356
2025-09-10 21:33:43 | [FOLD 0] NEW BEST F1: 0.75356 (epoch 3)
2025-09-10 21:33:43 | [DATA] build highperf loaders | img_size=384 bs=16
2025-09-10 21:33:43 | [DATA] augmentation: baseline-advanced (normal + hard augmentation)
2025-09-10 21:33:43 | [HighPerfDataset] size=785 img_size=384 epoch=3/25 p_hard=0.236 is_train=True
2025-09-10 21:33:43 | [HighPerfDataset] size=785 img_size=384 epoch=3/25 p_hard=0.000 is_train=False
2025-09-10 21:33:43 | [DATA] dataset sizes | train=785 valid=785
2025-09-10 21:33:43 | [HighPerfDataset] updated epoch=4, p_hard=0.248
2025-09-10 21:33:43 | [EPOCH 4] >>> TRAIN start | steps=50 mixup=True
2025-09-10 21:33:44 | [EPOCH 4][TRAIN step 1/50] loss=1.14700 lr=0.000017 bs=16
2025-09-10 21:33:59 | [EPOCH 4][TRAIN step 50/50] loss=0.10626 lr=0.000017 bs=1
2025-09-10 21:34:00 | [EPOCH 4] <<< TRAIN end | loss=1.37887
2025-09-10 21:34:00 | [EPOCH 4] >>> VALID start | steps=50
2025-09-10 21:34:11 | [EPOCH 4] <<< VALID end | loss=0.61716 macro_f1=0.81414
2025-09-10 21:34:14 | [FOLD 0] NEW BEST F1: 0.81414 (epoch 4)
2025-09-10 21:34:14 | [DATA] build highperf loaders | img_size=384 bs=16
2025-09-10 21:34:14 | [DATA] augmentation: baseline-advanced (normal + hard augmentation)
2025-09-10 21:34:14 | [HighPerfDataset] size=785 img_size=384 epoch=4/25 p_hard=0.248 is_train=True
2025-09-10 21:34:14 | [HighPerfDataset] size=785 img_size=384 epoch=4/25 p_hard=0.000 is_train=False
2025-09-10 21:34:14 | [DATA] dataset sizes | train=785 valid=785
2025-09-10 21:34:14 | [HighPerfDataset] updated epoch=5, p_hard=0.260
2025-09-10 21:34:14 | [EPOCH 5] >>> TRAIN start | steps=50 mixup=True
2025-09-10 21:34:16 | [EPOCH 5][TRAIN step 1/50] loss=0.90528 lr=0.000016 bs=16
2025-09-10 21:34:32 | [EPOCH 5][TRAIN step 50/50] loss=1.54199 lr=0.000016 bs=1
2025-09-10 21:34:32 | [EPOCH 5] <<< TRAIN end | loss=1.15968
2025-09-10 21:34:32 | [EPOCH 5] >>> VALID start | steps=50
2025-09-10 21:34:43 | [EPOCH 5] <<< VALID end | loss=0.47770 macro_f1=0.83923
2025-09-10 21:34:47 | [FOLD 0] NEW BEST F1: 0.83923 (epoch 5)
2025-09-10 21:34:47 | [DATA] build highperf loaders | img_size=384 bs=16
2025-09-10 21:34:47 | [DATA] augmentation: baseline-advanced (normal + hard augmentation)
2025-09-10 21:34:47 | [HighPerfDataset] size=785 img_size=384 epoch=5/25 p_hard=0.260 is_train=True
2025-09-10 21:34:47 | [HighPerfDataset] size=785 img_size=384 epoch=5/25 p_hard=0.000 is_train=False
2025-09-10 21:34:47 | [DATA] dataset sizes | train=785 valid=785
2025-09-10 21:34:47 | [HighPerfDataset] updated epoch=6, p_hard=0.272
2025-09-10 21:34:47 | [EPOCH 6] >>> TRAIN start | steps=50 mixup=True
2025-09-10 21:34:48 | [EPOCH 6][TRAIN step 1/50] loss=0.83647 lr=0.000016 bs=16
2025-09-10 21:35:03 | [EPOCH 6][TRAIN step 50/50] loss=0.02930 lr=0.000016 bs=1
2025-09-10 21:35:03 | [EPOCH 6] <<< TRAIN end | loss=1.10499
2025-09-10 21:35:03 | [EPOCH 6] >>> VALID start | steps=50
2025-09-10 21:35:15 | [EPOCH 6] <<< VALID end | loss=0.42667 macro_f1=0.83343
2025-09-10 21:35:15 | [DATA] build highperf loaders | img_size=384 bs=16
2025-09-10 21:35:15 | [DATA] augmentation: baseline-advanced (normal + hard augmentation)
2025-09-10 21:35:15 | [HighPerfDataset] size=785 img_size=384 epoch=6/25 p_hard=0.272 is_train=True
2025-09-10 21:35:15 | [HighPerfDataset] size=785 img_size=384 epoch=6/25 p_hard=0.000 is_train=False
2025-09-10 21:35:15 | [DATA] dataset sizes | train=785 valid=785
2025-09-10 21:35:15 | [HighPerfDataset] updated epoch=7, p_hard=0.284
2025-09-10 21:35:15 | [EPOCH 7] >>> TRAIN start | steps=50 mixup=True
2025-09-10 21:35:16 | [EPOCH 7][TRAIN step 1/50] loss=0.66883 lr=0.000015 bs=16
2025-09-10 21:35:32 | [EPOCH 7][TRAIN step 50/50] loss=0.09973 lr=0.000015 bs=1
2025-09-10 21:35:32 | [EPOCH 7] <<< TRAIN end | loss=0.98573
2025-09-10 21:35:32 | [EPOCH 7] >>> VALID start | steps=50
2025-09-10 21:35:43 | [EPOCH 7] <<< VALID end | loss=0.36055 macro_f1=0.87628
2025-09-10 21:35:47 | [FOLD 0] NEW BEST F1: 0.87628 (epoch 7)
2025-09-10 21:35:47 | [DATA] build highperf loaders | img_size=384 bs=16
2025-09-10 21:35:47 | [DATA] augmentation: baseline-advanced (normal + hard augmentation)
2025-09-10 21:35:47 | [HighPerfDataset] size=785 img_size=384 epoch=7/25 p_hard=0.284 is_train=True
2025-09-10 21:35:47 | [HighPerfDataset] size=785 img_size=384 epoch=7/25 p_hard=0.000 is_train=False
2025-09-10 21:35:47 | [DATA] dataset sizes | train=785 valid=785
2025-09-10 21:35:47 | [HighPerfDataset] updated epoch=8, p_hard=0.296
2025-09-10 21:35:47 | [EPOCH 8] >>> TRAIN start | steps=50 mixup=True
2025-09-10 21:35:48 | [EPOCH 8][TRAIN step 1/50] loss=1.49848 lr=0.000014 bs=16
2025-09-10 21:36:03 | [EPOCH 8][TRAIN step 50/50] loss=0.23975 lr=0.000014 bs=1
2025-09-10 21:36:04 | [EPOCH 8] <<< TRAIN end | loss=1.00346
2025-09-10 21:36:04 | [EPOCH 8] >>> VALID start | steps=50
2025-09-10 21:36:15 | [EPOCH 8] <<< VALID end | loss=0.35402 macro_f1=0.83927
2025-09-10 21:36:15 | [DATA] build highperf loaders | img_size=384 bs=16
2025-09-10 21:36:15 | [DATA] augmentation: baseline-advanced (normal + hard augmentation)
2025-09-10 21:36:15 | [HighPerfDataset] size=785 img_size=384 epoch=8/25 p_hard=0.296 is_train=True
2025-09-10 21:36:15 | [HighPerfDataset] size=785 img_size=384 epoch=8/25 p_hard=0.000 is_train=False
2025-09-10 21:36:15 | [DATA] dataset sizes | train=785 valid=785
2025-09-10 21:36:15 | [HighPerfDataset] updated epoch=9, p_hard=0.308
2025-09-10 21:36:15 | [EPOCH 9] >>> TRAIN start | steps=50 mixup=True
2025-09-10 21:36:16 | [EPOCH 9][TRAIN step 1/50] loss=1.56576 lr=0.000013 bs=16
2025-09-10 21:36:31 | [EPOCH 9][TRAIN step 50/50] loss=1.68848 lr=0.000013 bs=1
2025-09-10 21:36:31 | [EPOCH 9] <<< TRAIN end | loss=0.88303
2025-09-10 21:36:31 | [EPOCH 9] >>> VALID start | steps=50
2025-09-10 21:36:43 | [EPOCH 9] <<< VALID end | loss=0.31611 macro_f1=0.87400
2025-09-10 21:36:43 | [DATA] build highperf loaders | img_size=384 bs=16
2025-09-10 21:36:43 | [DATA] augmentation: baseline-advanced (normal + hard augmentation)
2025-09-10 21:36:43 | [HighPerfDataset] size=785 img_size=384 epoch=9/25 p_hard=0.308 is_train=True
2025-09-10 21:36:43 | [HighPerfDataset] size=785 img_size=384 epoch=9/25 p_hard=0.000 is_train=False
2025-09-10 21:36:43 | [DATA] dataset sizes | train=785 valid=785
2025-09-10 21:36:43 | [HighPerfDataset] updated epoch=10, p_hard=0.320
2025-09-10 21:36:43 | [EPOCH 10] >>> TRAIN start | steps=50 mixup=True
2025-09-10 21:36:44 | [EPOCH 10][TRAIN step 1/50] loss=0.43985 lr=0.000012 bs=16
2025-09-10 21:36:59 | [EPOCH 10][TRAIN step 50/50] loss=1.65625 lr=0.000012 bs=1
2025-09-10 21:36:59 | [EPOCH 10] <<< TRAIN end | loss=0.86180
2025-09-10 21:36:59 | [EPOCH 10] >>> VALID start | steps=50
2025-09-10 21:37:11 | [EPOCH 10] <<< VALID end | loss=0.28070 macro_f1=0.88355
2025-09-10 21:37:14 | [FOLD 0] NEW BEST F1: 0.88355 (epoch 10)
2025-09-10 21:37:14 | [DATA] build highperf loaders | img_size=384 bs=16
2025-09-10 21:37:14 | [DATA] augmentation: baseline-advanced (normal + hard augmentation)
2025-09-10 21:37:14 | [HighPerfDataset] size=785 img_size=384 epoch=10/25 p_hard=0.320 is_train=True
2025-09-10 21:37:14 | [HighPerfDataset] size=785 img_size=384 epoch=10/25 p_hard=0.000 is_train=False
2025-09-10 21:37:14 | [DATA] dataset sizes | train=785 valid=785
2025-09-10 21:37:14 | [HighPerfDataset] updated epoch=11, p_hard=0.332
2025-09-10 21:37:14 | [EPOCH 11] >>> TRAIN start | steps=50 mixup=True
2025-09-10 21:37:16 | [EPOCH 11][TRAIN step 1/50] loss=0.59288 lr=0.000011 bs=16
2025-09-10 21:37:31 | [EPOCH 11][TRAIN step 50/50] loss=0.00430 lr=0.000011 bs=1
2025-09-10 21:37:31 | [EPOCH 11] <<< TRAIN end | loss=0.80394
2025-09-10 21:37:31 | [EPOCH 11] >>> VALID start | steps=50
2025-09-10 21:37:43 | [EPOCH 11] <<< VALID end | loss=0.28065 macro_f1=0.87299
2025-09-10 21:37:43 | [DATA] build highperf loaders | img_size=384 bs=16
2025-09-10 21:37:43 | [DATA] augmentation: baseline-advanced (normal + hard augmentation)
2025-09-10 21:37:43 | [HighPerfDataset] size=785 img_size=384 epoch=11/25 p_hard=0.332 is_train=True
2025-09-10 21:37:43 | [HighPerfDataset] size=785 img_size=384 epoch=11/25 p_hard=0.000 is_train=False
2025-09-10 21:37:43 | [DATA] dataset sizes | train=785 valid=785
2025-09-10 21:37:43 | [HighPerfDataset] updated epoch=12, p_hard=0.344
2025-09-10 21:37:43 | [EPOCH 12] >>> TRAIN start | steps=50 mixup=True
2025-09-10 21:37:44 | [EPOCH 12][TRAIN step 1/50] loss=1.48056 lr=0.000010 bs=16
2025-09-10 21:37:59 | [EPOCH 12][TRAIN step 50/50] loss=0.00951 lr=0.000010 bs=1
2025-09-10 21:37:59 | [EPOCH 12] <<< TRAIN end | loss=0.76382
2025-09-10 21:37:59 | [EPOCH 12] >>> VALID start | steps=50
2025-09-10 21:38:11 | [EPOCH 12] <<< VALID end | loss=0.27403 macro_f1=0.87788
2025-09-10 21:38:11 | [DATA] build highperf loaders | img_size=384 bs=16
2025-09-10 21:38:11 | [DATA] augmentation: baseline-advanced (normal + hard augmentation)
2025-09-10 21:38:11 | [HighPerfDataset] size=785 img_size=384 epoch=12/25 p_hard=0.344 is_train=True
2025-09-10 21:38:11 | [HighPerfDataset] size=785 img_size=384 epoch=12/25 p_hard=0.000 is_train=False
2025-09-10 21:38:11 | [DATA] dataset sizes | train=785 valid=785
2025-09-10 21:38:11 | [HighPerfDataset] updated epoch=13, p_hard=0.356
2025-09-10 21:38:11 | [EPOCH 13] >>> TRAIN start | steps=50 mixup=True
2025-09-10 21:38:12 | [EPOCH 13][TRAIN step 1/50] loss=1.21735 lr=0.000009 bs=16
2025-09-10 21:38:27 | [EPOCH 13][TRAIN step 50/50] loss=0.13855 lr=0.000009 bs=1
2025-09-10 21:38:27 | [EPOCH 13] <<< TRAIN end | loss=0.82168
2025-09-10 21:38:27 | [EPOCH 13] >>> VALID start | steps=50
2025-09-10 21:38:39 | [EPOCH 13] <<< VALID end | loss=0.25467 macro_f1=0.87442
2025-09-10 21:38:39 | [DATA] build highperf loaders | img_size=384 bs=16
2025-09-10 21:38:39 | [DATA] augmentation: baseline-advanced (normal + hard augmentation)
2025-09-10 21:38:39 | [HighPerfDataset] size=785 img_size=384 epoch=13/25 p_hard=0.356 is_train=True
2025-09-10 21:38:39 | [HighPerfDataset] size=785 img_size=384 epoch=13/25 p_hard=0.000 is_train=False
2025-09-10 21:38:39 | [DATA] dataset sizes | train=785 valid=785
2025-09-10 21:38:39 | [HighPerfDataset] updated epoch=14, p_hard=0.368
2025-09-10 21:38:39 | [EPOCH 14] >>> TRAIN start | steps=50 mixup=True
2025-09-10 21:38:40 | [EPOCH 14][TRAIN step 1/50] loss=0.43223 lr=0.000008 bs=16
2025-09-10 21:38:55 | [EPOCH 14][TRAIN step 50/50] loss=0.01476 lr=0.000008 bs=1
2025-09-10 21:38:55 | [EPOCH 14] <<< TRAIN end | loss=0.72852
2025-09-10 21:38:55 | [EPOCH 14] >>> VALID start | steps=50
2025-09-10 21:39:06 | [EPOCH 14] <<< VALID end | loss=0.24148 macro_f1=0.89473
2025-09-10 21:39:10 | [FOLD 0] NEW BEST F1: 0.89473 (epoch 14)
2025-09-10 21:39:10 | [DATA] build highperf loaders | img_size=384 bs=16
2025-09-10 21:39:10 | [DATA] augmentation: baseline-advanced (normal + hard augmentation)
2025-09-10 21:39:10 | [HighPerfDataset] size=785 img_size=384 epoch=14/25 p_hard=0.368 is_train=True
2025-09-10 21:39:10 | [HighPerfDataset] size=785 img_size=384 epoch=14/25 p_hard=0.000 is_train=False
2025-09-10 21:39:10 | [DATA] dataset sizes | train=785 valid=785
2025-09-10 21:39:10 | [HighPerfDataset] updated epoch=15, p_hard=0.380
2025-09-10 21:39:10 | [EPOCH 15] >>> TRAIN start | steps=50 mixup=True
2025-09-10 21:39:11 | [EPOCH 15][TRAIN step 1/50] loss=0.26246 lr=0.000007 bs=16
2025-09-10 21:39:26 | [EPOCH 15][TRAIN step 50/50] loss=0.00294 lr=0.000007 bs=1
2025-09-10 21:39:26 | [EPOCH 15] <<< TRAIN end | loss=0.74048
2025-09-10 21:39:26 | [EPOCH 15] >>> VALID start | steps=50
2025-09-10 21:39:38 | [EPOCH 15] <<< VALID end | loss=0.24057 macro_f1=0.89852
2025-09-10 21:39:42 | [FOLD 0] NEW BEST F1: 0.89852 (epoch 15)
2025-09-10 21:39:42 | [DATA] build highperf loaders | img_size=384 bs=16
2025-09-10 21:39:42 | [DATA] augmentation: baseline-advanced (normal + hard augmentation)
2025-09-10 21:39:42 | [HighPerfDataset] size=785 img_size=384 epoch=15/25 p_hard=0.380 is_train=True
2025-09-10 21:39:42 | [HighPerfDataset] size=785 img_size=384 epoch=15/25 p_hard=0.000 is_train=False
2025-09-10 21:39:42 | [DATA] dataset sizes | train=785 valid=785
2025-09-10 21:39:42 | [HighPerfDataset] updated epoch=16, p_hard=0.392
2025-09-10 21:39:42 | [EPOCH 16] >>> TRAIN start | steps=50 mixup=True
2025-09-10 21:39:43 | [EPOCH 16][TRAIN step 1/50] loss=0.43070 lr=0.000006 bs=16
2025-09-10 21:39:58 | [EPOCH 16][TRAIN step 50/50] loss=0.04416 lr=0.000006 bs=1
2025-09-10 21:39:58 | [EPOCH 16] <<< TRAIN end | loss=0.69687
2025-09-10 21:39:58 | [EPOCH 16] >>> VALID start | steps=50
2025-09-10 21:40:10 | [EPOCH 16] <<< VALID end | loss=0.23697 macro_f1=0.89576
2025-09-10 21:40:10 | [DATA] build highperf loaders | img_size=384 bs=16
2025-09-10 21:40:10 | [DATA] augmentation: baseline-advanced (normal + hard augmentation)
2025-09-10 21:40:10 | [HighPerfDataset] size=785 img_size=384 epoch=16/25 p_hard=0.392 is_train=True
2025-09-10 21:40:10 | [HighPerfDataset] size=785 img_size=384 epoch=16/25 p_hard=0.000 is_train=False
2025-09-10 21:40:10 | [DATA] dataset sizes | train=785 valid=785
2025-09-10 21:40:10 | [HighPerfDataset] updated epoch=17, p_hard=0.404
2025-09-10 21:40:10 | [EPOCH 17] >>> TRAIN start | steps=50 mixup=True
2025-09-10 21:40:11 | [EPOCH 17][TRAIN step 1/50] loss=0.72743 lr=0.000005 bs=16
2025-09-10 21:40:27 | [EPOCH 17][TRAIN step 50/50] loss=0.00341 lr=0.000005 bs=1
2025-09-10 21:40:27 | [EPOCH 17] <<< TRAIN end | loss=0.73956
2025-09-10 21:40:27 | [EPOCH 17] >>> VALID start | steps=50
2025-09-10 21:40:38 | [EPOCH 17] <<< VALID end | loss=0.23294 macro_f1=0.88947
2025-09-10 21:40:38 | [DATA] build highperf loaders | img_size=384 bs=16
2025-09-10 21:40:38 | [DATA] augmentation: baseline-advanced (normal + hard augmentation)
2025-09-10 21:40:38 | [HighPerfDataset] size=785 img_size=384 epoch=17/25 p_hard=0.404 is_train=True
2025-09-10 21:40:38 | [HighPerfDataset] size=785 img_size=384 epoch=17/25 p_hard=0.000 is_train=False
2025-09-10 21:40:38 | [DATA] dataset sizes | train=785 valid=785
2025-09-10 21:40:38 | [HighPerfDataset] updated epoch=18, p_hard=0.416
2025-09-10 21:40:38 | [EPOCH 18] >>> TRAIN start | steps=50 mixup=True
2025-09-10 21:40:39 | [EPOCH 18][TRAIN step 1/50] loss=0.34473 lr=0.000004 bs=16
2025-09-10 21:40:55 | [EPOCH 18][TRAIN step 50/50] loss=0.24829 lr=0.000004 bs=1
2025-09-10 21:40:55 | [EPOCH 18] <<< TRAIN end | loss=0.67309
2025-09-10 21:40:55 | [EPOCH 18] >>> VALID start | steps=50
2025-09-10 21:41:07 | [EPOCH 18] <<< VALID end | loss=0.22930 macro_f1=0.89670
2025-09-10 21:41:07 | [DATA] build highperf loaders | img_size=384 bs=16
2025-09-10 21:41:07 | [DATA] augmentation: baseline-advanced (normal + hard augmentation)
2025-09-10 21:41:07 | [HighPerfDataset] size=785 img_size=384 epoch=18/25 p_hard=0.416 is_train=True
2025-09-10 21:41:07 | [HighPerfDataset] size=785 img_size=384 epoch=18/25 p_hard=0.000 is_train=False
2025-09-10 21:41:07 | [DATA] dataset sizes | train=785 valid=785
2025-09-10 21:41:07 | [HighPerfDataset] updated epoch=19, p_hard=0.428
2025-09-10 21:41:07 | [EPOCH 19] >>> TRAIN start | steps=50 mixup=True
2025-09-10 21:41:08 | [EPOCH 19][TRAIN step 1/50] loss=0.24344 lr=0.000003 bs=16
2025-09-10 21:41:24 | [EPOCH 19][TRAIN step 50/50] loss=0.06854 lr=0.000003 bs=1
2025-09-10 21:41:24 | [EPOCH 19] <<< TRAIN end | loss=0.73475
2025-09-10 21:41:24 | [EPOCH 19] >>> VALID start | steps=50
2025-09-10 21:41:36 | [EPOCH 19] <<< VALID end | loss=0.22775 macro_f1=0.89453
2025-09-10 21:41:36 | [DATA] build highperf loaders | img_size=384 bs=16
2025-09-10 21:41:36 | [DATA] augmentation: baseline-advanced (normal + hard augmentation)
2025-09-10 21:41:36 | [HighPerfDataset] size=785 img_size=384 epoch=19/25 p_hard=0.428 is_train=True
2025-09-10 21:41:36 | [HighPerfDataset] size=785 img_size=384 epoch=19/25 p_hard=0.000 is_train=False
2025-09-10 21:41:36 | [DATA] dataset sizes | train=785 valid=785
2025-09-10 21:41:36 | [HighPerfDataset] updated epoch=20, p_hard=0.440
2025-09-10 21:41:36 | [EPOCH 20] >>> TRAIN start | steps=50 mixup=True
2025-09-10 21:41:37 | [EPOCH 20][TRAIN step 1/50] loss=0.25979 lr=0.000002 bs=16
2025-09-10 21:41:52 | [EPOCH 20][TRAIN step 50/50] loss=1.69043 lr=0.000002 bs=1
2025-09-10 21:41:52 | [EPOCH 20] <<< TRAIN end | loss=0.78474
2025-09-10 21:41:52 | [EPOCH 20] >>> VALID start | steps=50
2025-09-10 21:42:04 | [EPOCH 20] <<< VALID end | loss=0.22478 macro_f1=0.89764
2025-09-10 21:42:04 | [DATA] build highperf loaders | img_size=384 bs=16
2025-09-10 21:42:04 | [DATA] augmentation: baseline-advanced (normal + hard augmentation)
2025-09-10 21:42:04 | [HighPerfDataset] size=785 img_size=384 epoch=20/25 p_hard=0.440 is_train=True
2025-09-10 21:42:04 | [HighPerfDataset] size=785 img_size=384 epoch=20/25 p_hard=0.000 is_train=False
2025-09-10 21:42:04 | [DATA] dataset sizes | train=785 valid=785
2025-09-10 21:42:04 | [HighPerfDataset] updated epoch=21, p_hard=0.452
2025-09-10 21:42:04 | [EPOCH 21] >>> TRAIN start | steps=50 mixup=True
2025-09-10 21:42:05 | [EPOCH 21][TRAIN step 1/50] loss=1.63752 lr=0.000002 bs=16
2025-09-10 21:42:21 | [EPOCH 21][TRAIN step 50/50] loss=0.00900 lr=0.000002 bs=1
2025-09-10 21:42:21 | [EPOCH 21] <<< TRAIN end | loss=0.64154
2025-09-10 21:42:21 | [EPOCH 21] >>> VALID start | steps=50
2025-09-10 21:42:33 | [EPOCH 21] <<< VALID end | loss=0.22569 macro_f1=0.89550
2025-09-10 21:42:33 | [DATA] build highperf loaders | img_size=384 bs=16
2025-09-10 21:42:33 | [DATA] augmentation: baseline-advanced (normal + hard augmentation)
2025-09-10 21:42:33 | [HighPerfDataset] size=785 img_size=384 epoch=21/25 p_hard=0.452 is_train=True
2025-09-10 21:42:33 | [HighPerfDataset] size=785 img_size=384 epoch=21/25 p_hard=0.000 is_train=False
2025-09-10 21:42:33 | [DATA] dataset sizes | train=785 valid=785
2025-09-10 21:42:33 | [HighPerfDataset] updated epoch=22, p_hard=0.464
2025-09-10 21:42:33 | [EPOCH 22] >>> TRAIN start | steps=50 mixup=True
2025-09-10 21:42:34 | [EPOCH 22][TRAIN step 1/50] loss=1.13081 lr=0.000001 bs=16
2025-09-10 21:42:49 | [EPOCH 22][TRAIN step 50/50] loss=0.17175 lr=0.000001 bs=1
2025-09-10 21:42:49 | [EPOCH 22] <<< TRAIN end | loss=0.68057
2025-09-10 21:42:49 | [EPOCH 22] >>> VALID start | steps=50
2025-09-10 21:43:01 | [EPOCH 22] <<< VALID end | loss=0.22555 macro_f1=0.89572
2025-09-10 21:43:01 | [DATA] build highperf loaders | img_size=384 bs=16
2025-09-10 21:43:01 | [DATA] augmentation: baseline-advanced (normal + hard augmentation)
2025-09-10 21:43:01 | [HighPerfDataset] size=785 img_size=384 epoch=22/25 p_hard=0.464 is_train=True
2025-09-10 21:43:01 | [HighPerfDataset] size=785 img_size=384 epoch=22/25 p_hard=0.000 is_train=False
2025-09-10 21:43:01 | [DATA] dataset sizes | train=785 valid=785
2025-09-10 21:43:01 | [HighPerfDataset] updated epoch=23, p_hard=0.476
2025-09-10 21:43:01 | [EPOCH 23] >>> TRAIN start | steps=50 mixup=True
2025-09-10 21:43:02 | [EPOCH 23][TRAIN step 1/50] loss=0.15926 lr=0.000001 bs=16
2025-09-10 21:43:18 | [EPOCH 23][TRAIN step 50/50] loss=0.30908 lr=0.000001 bs=1
2025-09-10 21:43:18 | [EPOCH 23] <<< TRAIN end | loss=0.69014
2025-09-10 21:43:18 | [EPOCH 23] >>> VALID start | steps=50
2025-09-10 21:43:30 | [EPOCH 23] <<< VALID end | loss=0.22567 macro_f1=0.89261
2025-09-10 21:43:30 | [DATA] build highperf loaders | img_size=384 bs=16
2025-09-10 21:43:30 | [DATA] augmentation: baseline-advanced (normal + hard augmentation)
2025-09-10 21:43:30 | [HighPerfDataset] size=785 img_size=384 epoch=23/25 p_hard=0.476 is_train=True
2025-09-10 21:43:30 | [HighPerfDataset] size=785 img_size=384 epoch=23/25 p_hard=0.000 is_train=False
2025-09-10 21:43:30 | [DATA] dataset sizes | train=785 valid=785
2025-09-10 21:43:30 | [HighPerfDataset] updated epoch=24, p_hard=0.488
2025-09-10 21:43:30 | [EPOCH 24] >>> TRAIN start | steps=50 mixup=True
2025-09-10 21:43:31 | [EPOCH 24][TRAIN step 1/50] loss=1.22831 lr=0.000000 bs=16
2025-09-10 21:43:46 | [EPOCH 24][TRAIN step 50/50] loss=0.07977 lr=0.000000 bs=1
2025-09-10 21:43:46 | [EPOCH 24] <<< TRAIN end | loss=0.76250
2025-09-10 21:43:46 | [EPOCH 24] >>> VALID start | steps=50
2025-09-10 21:43:58 | [EPOCH 24] <<< VALID end | loss=0.22561 macro_f1=0.89261
2025-09-10 21:43:58 | [DATA] build highperf loaders | img_size=384 bs=16
2025-09-10 21:43:58 | [DATA] augmentation: baseline-advanced (normal + hard augmentation)
2025-09-10 21:43:58 | [HighPerfDataset] size=785 img_size=384 epoch=24/25 p_hard=0.488 is_train=True
2025-09-10 21:43:58 | [HighPerfDataset] size=785 img_size=384 epoch=24/25 p_hard=0.000 is_train=False
2025-09-10 21:43:58 | [DATA] dataset sizes | train=785 valid=785
2025-09-10 21:43:58 | [HighPerfDataset] updated epoch=25, p_hard=0.500
2025-09-10 21:43:58 | [EPOCH 25] >>> TRAIN start | steps=50 mixup=True
2025-09-10 21:43:59 | [EPOCH 25][TRAIN step 1/50] loss=1.16382 lr=0.000000 bs=16
2025-09-10 21:44:15 | [EPOCH 25][TRAIN step 50/50] loss=0.01334 lr=0.000000 bs=1
2025-09-10 21:44:15 | [EPOCH 25] <<< TRAIN end | loss=0.75361
2025-09-10 21:44:15 | [EPOCH 25] >>> VALID start | steps=50
2025-09-10 21:44:26 | [EPOCH 25] <<< VALID end | loss=0.22542 macro_f1=0.89505
2025-09-10 21:44:26 | [FOLD 0] COMPLETED | Best F1: 0.89852
2025-09-10 21:44:28 | ==================================================
2025-09-10 21:44:28 | FOLD 2/2 START
2025-09-10 21:44:28 | ==================================================
2025-09-10 21:44:28 | [FOLD 1] train=785 valid=785
2025-09-10 21:44:32 | [SINGLE-MODEL] All folds using model: convnext_base_384_in22ft1k
2025-09-10 21:44:32 | [SCHEDULER] K-Fold: CosineAnnealing(T_max=25)
2025-09-10 21:44:32 | [DATA] build highperf loaders | img_size=384 bs=16
2025-09-10 21:44:32 | [DATA] augmentation: baseline-advanced (normal + hard augmentation)
2025-09-10 21:44:32 | [HighPerfDataset] size=785 img_size=384 epoch=0/25 p_hard=0.200 is_train=True
2025-09-10 21:44:32 | [HighPerfDataset] size=785 img_size=384 epoch=0/25 p_hard=0.000 is_train=False
2025-09-10 21:44:32 | [DATA] dataset sizes | train=785 valid=785
2025-09-10 21:44:32 | [HighPerfDataset] updated epoch=1, p_hard=0.212
2025-09-10 21:44:32 | [EPOCH 1] >>> TRAIN start | steps=50 mixup=True
2025-09-10 21:44:33 | [EPOCH 1][TRAIN step 1/50] loss=2.96668 lr=0.000018 bs=16
2025-09-10 21:44:49 | [EPOCH 1][TRAIN step 50/50] loss=2.47266 lr=0.000018 bs=1
2025-09-10 21:44:49 | [EPOCH 1] <<< TRAIN end | loss=2.57867
2025-09-10 21:44:49 | [EPOCH 1] >>> VALID start | steps=50
2025-09-10 21:45:00 | [EPOCH 1] <<< VALID end | loss=1.84489 macro_f1=0.42643
2025-09-10 21:45:04 | [FOLD 1] NEW BEST F1: 0.42643 (epoch 1)
2025-09-10 21:45:04 | [DATA] build highperf loaders | img_size=384 bs=16
2025-09-10 21:45:04 | [DATA] augmentation: baseline-advanced (normal + hard augmentation)
2025-09-10 21:45:04 | [HighPerfDataset] size=785 img_size=384 epoch=1/25 p_hard=0.212 is_train=True
2025-09-10 21:45:04 | [HighPerfDataset] size=785 img_size=384 epoch=1/25 p_hard=0.000 is_train=False
2025-09-10 21:45:04 | [DATA] dataset sizes | train=785 valid=785
2025-09-10 21:45:04 | [HighPerfDataset] updated epoch=2, p_hard=0.224
2025-09-10 21:45:04 | [EPOCH 2] >>> TRAIN start | steps=50 mixup=True
2025-09-10 21:45:05 | [EPOCH 2][TRAIN step 1/50] loss=2.20776 lr=0.000017 bs=16
2025-09-10 21:45:21 | [EPOCH 2][TRAIN step 50/50] loss=1.58691 lr=0.000017 bs=1
2025-09-10 21:45:21 | [EPOCH 2] <<< TRAIN end | loss=1.92819
2025-09-10 21:45:21 | [EPOCH 2] >>> VALID start | steps=50
2025-09-10 21:45:33 | [EPOCH 2] <<< VALID end | loss=1.21904 macro_f1=0.59051
2025-09-10 21:45:37 | [FOLD 1] NEW BEST F1: 0.59051 (epoch 2)
2025-09-10 21:45:37 | [DATA] build highperf loaders | img_size=384 bs=16
2025-09-10 21:45:37 | [DATA] augmentation: baseline-advanced (normal + hard augmentation)
2025-09-10 21:45:37 | [HighPerfDataset] size=785 img_size=384 epoch=2/25 p_hard=0.224 is_train=True
2025-09-10 21:45:37 | [HighPerfDataset] size=785 img_size=384 epoch=2/25 p_hard=0.000 is_train=False
2025-09-10 21:45:37 | [DATA] dataset sizes | train=785 valid=785
2025-09-10 21:45:37 | [HighPerfDataset] updated epoch=3, p_hard=0.236
2025-09-10 21:45:37 | [EPOCH 3] >>> TRAIN start | steps=50 mixup=True
2025-09-10 21:45:38 | [EPOCH 3][TRAIN step 1/50] loss=1.31352 lr=0.000017 bs=16
2025-09-10 21:45:54 | [EPOCH 3][TRAIN step 50/50] loss=0.05048 lr=0.000017 bs=1
2025-09-10 21:45:54 | [EPOCH 3] <<< TRAIN end | loss=1.49832
2025-09-10 21:45:54 | [EPOCH 3] >>> VALID start | steps=50
2025-09-10 21:46:06 | [EPOCH 3] <<< VALID end | loss=0.80066 macro_f1=0.72102
2025-09-10 21:46:10 | [FOLD 1] NEW BEST F1: 0.72102 (epoch 3)
2025-09-10 21:46:10 | [DATA] build highperf loaders | img_size=384 bs=16
2025-09-10 21:46:10 | [DATA] augmentation: baseline-advanced (normal + hard augmentation)
2025-09-10 21:46:10 | [HighPerfDataset] size=785 img_size=384 epoch=3/25 p_hard=0.236 is_train=True
2025-09-10 21:46:10 | [HighPerfDataset] size=785 img_size=384 epoch=3/25 p_hard=0.000 is_train=False
2025-09-10 21:46:10 | [DATA] dataset sizes | train=785 valid=785
2025-09-10 21:46:10 | [HighPerfDataset] updated epoch=4, p_hard=0.248
2025-09-10 21:46:10 | [EPOCH 4] >>> TRAIN start | steps=50 mixup=True
2025-09-10 21:46:11 | [EPOCH 4][TRAIN step 1/50] loss=1.00087 lr=0.000017 bs=16
2025-09-10 21:46:26 | [EPOCH 4][TRAIN step 50/50] loss=2.95898 lr=0.000017 bs=1
2025-09-10 21:46:26 | [EPOCH 4] <<< TRAIN end | loss=1.27461
2025-09-10 21:46:26 | [EPOCH 4] >>> VALID start | steps=50
2025-09-10 21:46:38 | [EPOCH 4] <<< VALID end | loss=0.58395 macro_f1=0.81630
2025-09-10 21:46:42 | [FOLD 1] NEW BEST F1: 0.81630 (epoch 4)
2025-09-10 21:46:42 | [DATA] build highperf loaders | img_size=384 bs=16
2025-09-10 21:46:42 | [DATA] augmentation: baseline-advanced (normal + hard augmentation)
2025-09-10 21:46:42 | [HighPerfDataset] size=785 img_size=384 epoch=4/25 p_hard=0.248 is_train=True
2025-09-10 21:46:42 | [HighPerfDataset] size=785 img_size=384 epoch=4/25 p_hard=0.000 is_train=False
2025-09-10 21:46:42 | [DATA] dataset sizes | train=785 valid=785
2025-09-10 21:46:42 | [HighPerfDataset] updated epoch=5, p_hard=0.260
2025-09-10 21:46:42 | [EPOCH 5] >>> TRAIN start | steps=50 mixup=True
2025-09-10 21:46:43 | [EPOCH 5][TRAIN step 1/50] loss=1.10796 lr=0.000016 bs=16
2025-09-10 21:46:59 | [EPOCH 5][TRAIN step 50/50] loss=1.17383 lr=0.000016 bs=1
2025-09-10 21:46:59 | [EPOCH 5] <<< TRAIN end | loss=1.10541
2025-09-10 21:46:59 | [EPOCH 5] >>> VALID start | steps=50
2025-09-10 21:47:11 | [EPOCH 5] <<< VALID end | loss=0.46993 macro_f1=0.83838
2025-09-10 21:47:14 | [FOLD 1] NEW BEST F1: 0.83838 (epoch 5)
2025-09-10 21:47:14 | [DATA] build highperf loaders | img_size=384 bs=16
2025-09-10 21:47:14 | [DATA] augmentation: baseline-advanced (normal + hard augmentation)
2025-09-10 21:47:14 | [HighPerfDataset] size=785 img_size=384 epoch=5/25 p_hard=0.260 is_train=True
2025-09-10 21:47:14 | [HighPerfDataset] size=785 img_size=384 epoch=5/25 p_hard=0.000 is_train=False
2025-09-10 21:47:14 | [DATA] dataset sizes | train=785 valid=785
2025-09-10 21:47:14 | [HighPerfDataset] updated epoch=6, p_hard=0.272
2025-09-10 21:47:14 | [EPOCH 6] >>> TRAIN start | steps=50 mixup=True
2025-09-10 21:47:16 | [EPOCH 6][TRAIN step 1/50] loss=0.89351 lr=0.000016 bs=16
2025-09-10 21:47:31 | [EPOCH 6][TRAIN step 50/50] loss=0.05756 lr=0.000016 bs=1
2025-09-10 21:47:31 | [EPOCH 6] <<< TRAIN end | loss=0.88260
2025-09-10 21:47:31 | [EPOCH 6] >>> VALID start | steps=50
2025-09-10 21:47:43 | [EPOCH 6] <<< VALID end | loss=0.42124 macro_f1=0.84586
2025-09-10 21:47:47 | [FOLD 1] NEW BEST F1: 0.84586 (epoch 6)
2025-09-10 21:47:47 | [DATA] build highperf loaders | img_size=384 bs=16
2025-09-10 21:47:47 | [DATA] augmentation: baseline-advanced (normal + hard augmentation)
2025-09-10 21:47:47 | [HighPerfDataset] size=785 img_size=384 epoch=6/25 p_hard=0.272 is_train=True
2025-09-10 21:47:47 | [HighPerfDataset] size=785 img_size=384 epoch=6/25 p_hard=0.000 is_train=False
2025-09-10 21:47:47 | [DATA] dataset sizes | train=785 valid=785
2025-09-10 21:47:47 | [HighPerfDataset] updated epoch=7, p_hard=0.284
2025-09-10 21:47:47 | [EPOCH 7] >>> TRAIN start | steps=50 mixup=True
2025-09-10 21:47:49 | [EPOCH 7][TRAIN step 1/50] loss=0.46092 lr=0.000015 bs=16
2025-09-10 21:48:05 | [EPOCH 7][TRAIN step 50/50] loss=0.35474 lr=0.000015 bs=1
2025-09-10 21:48:05 | [EPOCH 7] <<< TRAIN end | loss=0.89434
2025-09-10 21:48:05 | [EPOCH 7] >>> VALID start | steps=50
2025-09-10 21:48:17 | [EPOCH 7] <<< VALID end | loss=0.39572 macro_f1=0.83608
2025-09-10 21:48:17 | [DATA] build highperf loaders | img_size=384 bs=16
2025-09-10 21:48:17 | [DATA] augmentation: baseline-advanced (normal + hard augmentation)
2025-09-10 21:48:17 | [HighPerfDataset] size=785 img_size=384 epoch=7/25 p_hard=0.284 is_train=True
2025-09-10 21:48:17 | [HighPerfDataset] size=785 img_size=384 epoch=7/25 p_hard=0.000 is_train=False
2025-09-10 21:48:17 | [DATA] dataset sizes | train=785 valid=785
2025-09-10 21:48:17 | [HighPerfDataset] updated epoch=8, p_hard=0.296
2025-09-10 21:48:17 | [EPOCH 8] >>> TRAIN start | steps=50 mixup=True
2025-09-10 21:48:18 | [EPOCH 8][TRAIN step 1/50] loss=1.28117 lr=0.000014 bs=16
2025-09-10 21:48:33 | [EPOCH 8][TRAIN step 50/50] loss=0.04755 lr=0.000014 bs=1
2025-09-10 21:48:33 | [EPOCH 8] <<< TRAIN end | loss=0.81974
2025-09-10 21:48:33 | [EPOCH 8] >>> VALID start | steps=50
2025-09-10 21:48:45 | [EPOCH 8] <<< VALID end | loss=0.37532 macro_f1=0.82756
2025-09-10 21:48:45 | [DATA] build highperf loaders | img_size=384 bs=16
2025-09-10 21:48:45 | [DATA] augmentation: baseline-advanced (normal + hard augmentation)
2025-09-10 21:48:45 | [HighPerfDataset] size=785 img_size=384 epoch=8/25 p_hard=0.296 is_train=True
2025-09-10 21:48:45 | [HighPerfDataset] size=785 img_size=384 epoch=8/25 p_hard=0.000 is_train=False
2025-09-10 21:48:45 | [DATA] dataset sizes | train=785 valid=785
2025-09-10 21:48:45 | [HighPerfDataset] updated epoch=9, p_hard=0.308
2025-09-10 21:48:45 | [EPOCH 9] >>> TRAIN start | steps=50 mixup=True
2025-09-10 21:48:46 | [EPOCH 9][TRAIN step 1/50] loss=0.92099 lr=0.000013 bs=16
2025-09-10 21:49:01 | [EPOCH 9][TRAIN step 50/50] loss=0.02698 lr=0.000013 bs=1
2025-09-10 21:49:01 | [EPOCH 9] <<< TRAIN end | loss=0.78315
2025-09-10 21:49:01 | [EPOCH 9] >>> VALID start | steps=50
2025-09-10 21:49:13 | [EPOCH 9] <<< VALID end | loss=0.30467 macro_f1=0.87079
2025-09-10 21:49:17 | [FOLD 1] NEW BEST F1: 0.87079 (epoch 9)
2025-09-10 21:49:17 | [DATA] build highperf loaders | img_size=384 bs=16
2025-09-10 21:49:17 | [DATA] augmentation: baseline-advanced (normal + hard augmentation)
2025-09-10 21:49:17 | [HighPerfDataset] size=785 img_size=384 epoch=9/25 p_hard=0.308 is_train=True
2025-09-10 21:49:17 | [HighPerfDataset] size=785 img_size=384 epoch=9/25 p_hard=0.000 is_train=False
2025-09-10 21:49:17 | [DATA] dataset sizes | train=785 valid=785
2025-09-10 21:49:17 | [HighPerfDataset] updated epoch=10, p_hard=0.320
2025-09-10 21:49:17 | [EPOCH 10] >>> TRAIN start | steps=50 mixup=True
2025-09-10 21:49:18 | [EPOCH 10][TRAIN step 1/50] loss=1.26849 lr=0.000012 bs=16
2025-09-10 21:49:33 | [EPOCH 10][TRAIN step 50/50] loss=0.01472 lr=0.000012 bs=1
2025-09-10 21:49:33 | [EPOCH 10] <<< TRAIN end | loss=0.89851
2025-09-10 21:49:33 | [EPOCH 10] >>> VALID start | steps=50
2025-09-10 21:49:46 | [EPOCH 10] <<< VALID end | loss=0.32570 macro_f1=0.88191
2025-09-10 21:49:49 | [FOLD 1] NEW BEST F1: 0.88191 (epoch 10)
2025-09-10 21:49:49 | [DATA] build highperf loaders | img_size=384 bs=16
2025-09-10 21:49:49 | [DATA] augmentation: baseline-advanced (normal + hard augmentation)
2025-09-10 21:49:49 | [HighPerfDataset] size=785 img_size=384 epoch=10/25 p_hard=0.320 is_train=True
2025-09-10 21:49:49 | [HighPerfDataset] size=785 img_size=384 epoch=10/25 p_hard=0.000 is_train=False
2025-09-10 21:49:49 | [DATA] dataset sizes | train=785 valid=785
2025-09-10 21:49:49 | [HighPerfDataset] updated epoch=11, p_hard=0.332
2025-09-10 21:49:49 | [EPOCH 11] >>> TRAIN start | steps=50 mixup=True
2025-09-10 21:49:51 | [EPOCH 11][TRAIN step 1/50] loss=0.98981 lr=0.000011 bs=16
2025-09-10 21:50:06 | [EPOCH 11][TRAIN step 50/50] loss=0.05276 lr=0.000011 bs=1
2025-09-10 21:50:06 | [EPOCH 11] <<< TRAIN end | loss=0.86302
2025-09-10 21:50:06 | [EPOCH 11] >>> VALID start | steps=50
2025-09-10 21:50:18 | [EPOCH 11] <<< VALID end | loss=0.30107 macro_f1=0.88030
2025-09-10 21:50:18 | [DATA] build highperf loaders | img_size=384 bs=16
2025-09-10 21:50:18 | [DATA] augmentation: baseline-advanced (normal + hard augmentation)
2025-09-10 21:50:18 | [HighPerfDataset] size=785 img_size=384 epoch=11/25 p_hard=0.332 is_train=True
2025-09-10 21:50:18 | [HighPerfDataset] size=785 img_size=384 epoch=11/25 p_hard=0.000 is_train=False
2025-09-10 21:50:18 | [DATA] dataset sizes | train=785 valid=785
2025-09-10 21:50:18 | [HighPerfDataset] updated epoch=12, p_hard=0.344
2025-09-10 21:50:18 | [EPOCH 12] >>> TRAIN start | steps=50 mixup=True
2025-09-10 21:50:19 | [EPOCH 12][TRAIN step 1/50] loss=1.71464 lr=0.000010 bs=16
2025-09-10 21:50:35 | [EPOCH 12][TRAIN step 50/50] loss=0.02278 lr=0.000010 bs=1
2025-09-10 21:50:35 | [EPOCH 12] <<< TRAIN end | loss=0.89247
2025-09-10 21:50:35 | [EPOCH 12] >>> VALID start | steps=50
2025-09-10 21:50:47 | [EPOCH 12] <<< VALID end | loss=0.29031 macro_f1=0.86325
2025-09-10 21:50:47 | [DATA] build highperf loaders | img_size=384 bs=16
2025-09-10 21:50:47 | [DATA] augmentation: baseline-advanced (normal + hard augmentation)
2025-09-10 21:50:47 | [HighPerfDataset] size=785 img_size=384 epoch=12/25 p_hard=0.344 is_train=True
2025-09-10 21:50:47 | [HighPerfDataset] size=785 img_size=384 epoch=12/25 p_hard=0.000 is_train=False
2025-09-10 21:50:47 | [DATA] dataset sizes | train=785 valid=785
2025-09-10 21:50:47 | [HighPerfDataset] updated epoch=13, p_hard=0.356
2025-09-10 21:50:47 | [EPOCH 13] >>> TRAIN start | steps=50 mixup=True
2025-09-10 21:50:48 | [EPOCH 13][TRAIN step 1/50] loss=0.41887 lr=0.000009 bs=16
2025-09-10 21:51:03 | [EPOCH 13][TRAIN step 50/50] loss=0.17529 lr=0.000009 bs=1
2025-09-10 21:51:03 | [EPOCH 13] <<< TRAIN end | loss=0.70394
2025-09-10 21:51:03 | [EPOCH 13] >>> VALID start | steps=50
2025-09-10 21:51:15 | [EPOCH 13] <<< VALID end | loss=0.27405 macro_f1=0.87442
2025-09-10 21:51:15 | [DATA] build highperf loaders | img_size=384 bs=16
2025-09-10 21:51:15 | [DATA] augmentation: baseline-advanced (normal + hard augmentation)
2025-09-10 21:51:15 | [HighPerfDataset] size=785 img_size=384 epoch=13/25 p_hard=0.356 is_train=True
2025-09-10 21:51:15 | [HighPerfDataset] size=785 img_size=384 epoch=13/25 p_hard=0.000 is_train=False
2025-09-10 21:51:15 | [DATA] dataset sizes | train=785 valid=785
2025-09-10 21:51:15 | [HighPerfDataset] updated epoch=14, p_hard=0.368
2025-09-10 21:51:15 | [EPOCH 14] >>> TRAIN start | steps=50 mixup=True
2025-09-10 21:51:16 | [EPOCH 14][TRAIN step 1/50] loss=0.90456 lr=0.000008 bs=16
2025-09-10 21:51:32 | [EPOCH 14][TRAIN step 50/50] loss=0.01337 lr=0.000008 bs=1
2025-09-10 21:51:32 | [EPOCH 14] <<< TRAIN end | loss=0.67463
2025-09-10 21:51:32 | [EPOCH 14] >>> VALID start | steps=50
2025-09-10 21:51:44 | [EPOCH 14] <<< VALID end | loss=0.26586 macro_f1=0.88479
2025-09-10 21:51:48 | [FOLD 1] NEW BEST F1: 0.88479 (epoch 14)
2025-09-10 21:51:48 | [DATA] build highperf loaders | img_size=384 bs=16
2025-09-10 21:51:48 | [DATA] augmentation: baseline-advanced (normal + hard augmentation)
2025-09-10 21:51:48 | [HighPerfDataset] size=785 img_size=384 epoch=14/25 p_hard=0.368 is_train=True
2025-09-10 21:51:48 | [HighPerfDataset] size=785 img_size=384 epoch=14/25 p_hard=0.000 is_train=False
2025-09-10 21:51:48 | [DATA] dataset sizes | train=785 valid=785
2025-09-10 21:51:48 | [HighPerfDataset] updated epoch=15, p_hard=0.380
2025-09-10 21:51:48 | [EPOCH 15] >>> TRAIN start | steps=50 mixup=True
2025-09-10 21:51:49 | [EPOCH 15][TRAIN step 1/50] loss=1.34422 lr=0.000007 bs=16
2025-09-10 21:52:05 | [EPOCH 15][TRAIN step 50/50] loss=0.02287 lr=0.000007 bs=1
2025-09-10 21:52:05 | [EPOCH 15] <<< TRAIN end | loss=0.69709
2025-09-10 21:52:05 | [EPOCH 15] >>> VALID start | steps=50
2025-09-10 21:52:17 | [EPOCH 15] <<< VALID end | loss=0.25816 macro_f1=0.88433
2025-09-10 21:52:17 | [DATA] build highperf loaders | img_size=384 bs=16
2025-09-10 21:52:17 | [DATA] augmentation: baseline-advanced (normal + hard augmentation)
2025-09-10 21:52:17 | [HighPerfDataset] size=785 img_size=384 epoch=15/25 p_hard=0.380 is_train=True
2025-09-10 21:52:17 | [HighPerfDataset] size=785 img_size=384 epoch=15/25 p_hard=0.000 is_train=False
2025-09-10 21:52:17 | [DATA] dataset sizes | train=785 valid=785
2025-09-10 21:52:17 | [HighPerfDataset] updated epoch=16, p_hard=0.392
2025-09-10 21:52:17 | [EPOCH 16] >>> TRAIN start | steps=50 mixup=True
2025-09-10 21:52:18 | [EPOCH 16][TRAIN step 1/50] loss=0.93190 lr=0.000006 bs=16
2025-09-10 21:52:33 | [EPOCH 16][TRAIN step 50/50] loss=1.06934 lr=0.000006 bs=1
2025-09-10 21:52:33 | [EPOCH 16] <<< TRAIN end | loss=0.71377
2025-09-10 21:52:33 | [EPOCH 16] >>> VALID start | steps=50
2025-09-10 21:52:45 | [EPOCH 16] <<< VALID end | loss=0.25631 macro_f1=0.88292
2025-09-10 21:52:45 | [DATA] build highperf loaders | img_size=384 bs=16
2025-09-10 21:52:45 | [DATA] augmentation: baseline-advanced (normal + hard augmentation)
2025-09-10 21:52:45 | [HighPerfDataset] size=785 img_size=384 epoch=16/25 p_hard=0.392 is_train=True
2025-09-10 21:52:45 | [HighPerfDataset] size=785 img_size=384 epoch=16/25 p_hard=0.000 is_train=False
2025-09-10 21:52:45 | [DATA] dataset sizes | train=785 valid=785
2025-09-10 21:52:45 | [HighPerfDataset] updated epoch=17, p_hard=0.404
2025-09-10 21:52:45 | [EPOCH 17] >>> TRAIN start | steps=50 mixup=True
2025-09-10 21:52:46 | [EPOCH 17][TRAIN step 1/50] loss=0.44042 lr=0.000005 bs=16
2025-09-10 21:53:02 | [EPOCH 17][TRAIN step 50/50] loss=0.00793 lr=0.000005 bs=1
2025-09-10 21:53:02 | [EPOCH 17] <<< TRAIN end | loss=0.68747
2025-09-10 21:53:02 | [EPOCH 17] >>> VALID start | steps=50
2025-09-10 21:53:14 | [EPOCH 17] <<< VALID end | loss=0.25044 macro_f1=0.88624
2025-09-10 21:53:18 | [FOLD 1] NEW BEST F1: 0.88624 (epoch 17)
2025-09-10 21:53:18 | [DATA] build highperf loaders | img_size=384 bs=16
2025-09-10 21:53:18 | [DATA] augmentation: baseline-advanced (normal + hard augmentation)
2025-09-10 21:53:18 | [HighPerfDataset] size=785 img_size=384 epoch=17/25 p_hard=0.404 is_train=True
2025-09-10 21:53:18 | [HighPerfDataset] size=785 img_size=384 epoch=17/25 p_hard=0.000 is_train=False
2025-09-10 21:53:18 | [DATA] dataset sizes | train=785 valid=785
2025-09-10 21:53:18 | [HighPerfDataset] updated epoch=18, p_hard=0.416
2025-09-10 21:53:18 | [EPOCH 18] >>> TRAIN start | steps=50 mixup=True
2025-09-10 21:53:19 | [EPOCH 18][TRAIN step 1/50] loss=0.85431 lr=0.000004 bs=16
2025-09-10 21:53:34 | [EPOCH 18][TRAIN step 50/50] loss=1.44824 lr=0.000004 bs=1
2025-09-10 21:53:35 | [EPOCH 18] <<< TRAIN end | loss=0.67580
2025-09-10 21:53:35 | [EPOCH 18] >>> VALID start | steps=50
2025-09-10 21:53:47 | [EPOCH 18] <<< VALID end | loss=0.24384 macro_f1=0.89317
2025-09-10 21:53:50 | [FOLD 1] NEW BEST F1: 0.89317 (epoch 18)
2025-09-10 21:53:50 | [DATA] build highperf loaders | img_size=384 bs=16
2025-09-10 21:53:50 | [DATA] augmentation: baseline-advanced (normal + hard augmentation)
2025-09-10 21:53:50 | [HighPerfDataset] size=785 img_size=384 epoch=18/25 p_hard=0.416 is_train=True
2025-09-10 21:53:50 | [HighPerfDataset] size=785 img_size=384 epoch=18/25 p_hard=0.000 is_train=False
2025-09-10 21:53:50 | [DATA] dataset sizes | train=785 valid=785
2025-09-10 21:53:50 | [HighPerfDataset] updated epoch=19, p_hard=0.428
2025-09-10 21:53:50 | [EPOCH 19] >>> TRAIN start | steps=50 mixup=True
2025-09-10 21:53:51 | [EPOCH 19][TRAIN step 1/50] loss=1.43192 lr=0.000003 bs=16
2025-09-10 21:54:07 | [EPOCH 19][TRAIN step 50/50] loss=0.00523 lr=0.000003 bs=1
2025-09-10 21:54:07 | [EPOCH 19] <<< TRAIN end | loss=0.62293
2025-09-10 21:54:07 | [EPOCH 19] >>> VALID start | steps=50
2025-09-10 21:54:19 | [EPOCH 19] <<< VALID end | loss=0.23523 macro_f1=0.89449
2025-09-10 21:54:22 | [FOLD 1] NEW BEST F1: 0.89449 (epoch 19)
2025-09-10 21:54:22 | [DATA] build highperf loaders | img_size=384 bs=16
2025-09-10 21:54:22 | [DATA] augmentation: baseline-advanced (normal + hard augmentation)
2025-09-10 21:54:22 | [HighPerfDataset] size=785 img_size=384 epoch=19/25 p_hard=0.428 is_train=True
2025-09-10 21:54:22 | [HighPerfDataset] size=785 img_size=384 epoch=19/25 p_hard=0.000 is_train=False
2025-09-10 21:54:22 | [DATA] dataset sizes | train=785 valid=785
2025-09-10 21:54:22 | [HighPerfDataset] updated epoch=20, p_hard=0.440
2025-09-10 21:54:22 | [EPOCH 20] >>> TRAIN start | steps=50 mixup=True
2025-09-10 21:54:24 | [EPOCH 20][TRAIN step 1/50] loss=0.40580 lr=0.000002 bs=16
2025-09-10 21:54:39 | [EPOCH 20][TRAIN step 50/50] loss=0.21228 lr=0.000002 bs=1
2025-09-10 21:54:39 | [EPOCH 20] <<< TRAIN end | loss=0.64827
2025-09-10 21:54:39 | [EPOCH 20] >>> VALID start | steps=50
2025-09-10 21:54:51 | [EPOCH 20] <<< VALID end | loss=0.23615 macro_f1=0.88958
2025-09-10 21:54:51 | [DATA] build highperf loaders | img_size=384 bs=16
2025-09-10 21:54:51 | [DATA] augmentation: baseline-advanced (normal + hard augmentation)
2025-09-10 21:54:51 | [HighPerfDataset] size=785 img_size=384 epoch=20/25 p_hard=0.440 is_train=True
2025-09-10 21:54:51 | [HighPerfDataset] size=785 img_size=384 epoch=20/25 p_hard=0.000 is_train=False
2025-09-10 21:54:51 | [DATA] dataset sizes | train=785 valid=785
2025-09-10 21:54:51 | [HighPerfDataset] updated epoch=21, p_hard=0.452
2025-09-10 21:54:51 | [EPOCH 21] >>> TRAIN start | steps=50 mixup=True
2025-09-10 21:54:52 | [EPOCH 21][TRAIN step 1/50] loss=0.08537 lr=0.000002 bs=16
2025-09-10 21:55:07 | [EPOCH 21][TRAIN step 50/50] loss=0.00541 lr=0.000002 bs=1
2025-09-10 21:55:07 | [EPOCH 21] <<< TRAIN end | loss=0.73246
2025-09-10 21:55:07 | [EPOCH 21] >>> VALID start | steps=50
2025-09-10 21:55:19 | [EPOCH 21] <<< VALID end | loss=0.23580 macro_f1=0.89398
2025-09-10 21:55:19 | [DATA] build highperf loaders | img_size=384 bs=16
2025-09-10 21:55:19 | [DATA] augmentation: baseline-advanced (normal + hard augmentation)
2025-09-10 21:55:19 | [HighPerfDataset] size=785 img_size=384 epoch=21/25 p_hard=0.452 is_train=True
2025-09-10 21:55:19 | [HighPerfDataset] size=785 img_size=384 epoch=21/25 p_hard=0.000 is_train=False
2025-09-10 21:55:19 | [DATA] dataset sizes | train=785 valid=785
2025-09-10 21:55:19 | [HighPerfDataset] updated epoch=22, p_hard=0.464
2025-09-10 21:55:19 | [EPOCH 22] >>> TRAIN start | steps=50 mixup=True
2025-09-10 21:55:20 | [EPOCH 22][TRAIN step 1/50] loss=0.28354 lr=0.000001 bs=16
2025-09-10 21:55:36 | [EPOCH 22][TRAIN step 50/50] loss=0.00997 lr=0.000001 bs=1
2025-09-10 21:55:36 | [EPOCH 22] <<< TRAIN end | loss=0.67395
2025-09-10 21:55:36 | [EPOCH 22] >>> VALID start | steps=50
2025-09-10 21:55:47 | [EPOCH 22] <<< VALID end | loss=0.23487 macro_f1=0.88778
2025-09-10 21:55:47 | [DATA] build highperf loaders | img_size=384 bs=16
2025-09-10 21:55:47 | [DATA] augmentation: baseline-advanced (normal + hard augmentation)
2025-09-10 21:55:47 | [HighPerfDataset] size=785 img_size=384 epoch=22/25 p_hard=0.464 is_train=True
2025-09-10 21:55:48 | [HighPerfDataset] size=785 img_size=384 epoch=22/25 p_hard=0.000 is_train=False
2025-09-10 21:55:48 | [DATA] dataset sizes | train=785 valid=785
2025-09-10 21:55:48 | [HighPerfDataset] updated epoch=23, p_hard=0.476
2025-09-10 21:55:48 | [EPOCH 23] >>> TRAIN start | steps=50 mixup=True
2025-09-10 21:55:49 | [EPOCH 23][TRAIN step 1/50] loss=1.46018 lr=0.000001 bs=16
2025-09-10 21:56:04 | [EPOCH 23][TRAIN step 50/50] loss=0.01872 lr=0.000001 bs=1
2025-09-10 21:56:04 | [EPOCH 23] <<< TRAIN end | loss=0.70886
2025-09-10 21:56:04 | [EPOCH 23] >>> VALID start | steps=50
2025-09-10 21:56:16 | [EPOCH 23] <<< VALID end | loss=0.23521 macro_f1=0.89306
2025-09-10 21:56:16 | [DATA] build highperf loaders | img_size=384 bs=16
2025-09-10 21:56:16 | [DATA] augmentation: baseline-advanced (normal + hard augmentation)
2025-09-10 21:56:16 | [HighPerfDataset] size=785 img_size=384 epoch=23/25 p_hard=0.476 is_train=True
2025-09-10 21:56:16 | [HighPerfDataset] size=785 img_size=384 epoch=23/25 p_hard=0.000 is_train=False
2025-09-10 21:56:16 | [DATA] dataset sizes | train=785 valid=785
2025-09-10 21:56:16 | [HighPerfDataset] updated epoch=24, p_hard=0.488
2025-09-10 21:56:16 | [EPOCH 24] >>> TRAIN start | steps=50 mixup=True
2025-09-10 21:56:17 | [EPOCH 24][TRAIN step 1/50] loss=0.37649 lr=0.000000 bs=16
2025-09-10 21:56:33 | [EPOCH 24][TRAIN step 50/50] loss=0.44385 lr=0.000000 bs=1
2025-09-10 21:56:33 | [EPOCH 24] <<< TRAIN end | loss=0.86591
2025-09-10 21:56:33 | [EPOCH 24] >>> VALID start | steps=50
2025-09-10 21:56:45 | [EPOCH 24] <<< VALID end | loss=0.23552 macro_f1=0.89484
2025-09-10 21:56:49 | [FOLD 1] NEW BEST F1: 0.89484 (epoch 24)
2025-09-10 21:56:49 | [DATA] build highperf loaders | img_size=384 bs=16
2025-09-10 21:56:49 | [DATA] augmentation: baseline-advanced (normal + hard augmentation)
2025-09-10 21:56:49 | [HighPerfDataset] size=785 img_size=384 epoch=24/25 p_hard=0.488 is_train=True
2025-09-10 21:56:49 | [HighPerfDataset] size=785 img_size=384 epoch=24/25 p_hard=0.000 is_train=False
2025-09-10 21:56:49 | [DATA] dataset sizes | train=785 valid=785
2025-09-10 21:56:49 | [HighPerfDataset] updated epoch=25, p_hard=0.500
2025-09-10 21:56:49 | [EPOCH 25] >>> TRAIN start | steps=50 mixup=True
2025-09-10 21:56:50 | [EPOCH 25][TRAIN step 1/50] loss=1.46031 lr=0.000000 bs=16
2025-09-10 21:57:06 | [EPOCH 25][TRAIN step 50/50] loss=0.49121 lr=0.000000 bs=1
2025-09-10 21:57:06 | [EPOCH 25] <<< TRAIN end | loss=0.70975
2025-09-10 21:57:06 | [EPOCH 25] >>> VALID start | steps=50
2025-09-10 21:57:17 | [EPOCH 25] <<< VALID end | loss=0.23536 macro_f1=0.89599
2025-09-10 21:57:21 | [FOLD 1] NEW BEST F1: 0.89599 (epoch 25)
2025-09-10 21:57:21 | [FOLD 1] COMPLETED | Best F1: 0.89599
2025-09-10 21:57:23 | ==================================================
2025-09-10 21:57:23 | ALL FOLDS COMPLETED
2025-09-10 21:57:23 | Average F1: 0.89726
2025-09-10 21:57:23 | Fold 0: 0.89852
2025-09-10 21:57:23 | Fold 1: 0.89599
2025-09-10 21:57:23 | ==================================================
2025-09-10 21:57:23 | [ERROR] Training failed: ('cannot represent an object', np.float64(0.8985203517690484))
2025-09-10 21:57:23 | [SHUTDOWN] Training pipeline ended
